Resolving dependencies...
Downloading packages...
  _fe_analyzer_shared 85.0.0 (92.0.0 available)
  analyzer 7.7.1 (9.0.0 available)
  characters 1.4.0 (1.4.1 available)
  flutter_lints 5.0.0 (6.0.0 available)
  lints 5.1.1 (6.0.0 available)
  matcher 0.12.17 (0.12.18 available)
  material_color_utilities 0.11.1 (0.13.0 available)
  meta 1.16.0 (1.17.0 available)
  mgrs_dart 2.0.0 (3.0.0 available)
  proj4dart 2.1.0 (3.0.0 available)
  test 1.26.2 (1.28.0 available)
  test_api 0.7.6 (0.7.8 available)
  test_core 0.6.11 (0.6.14 available)
  unicode 0.3.1 (1.1.8 available)
Got dependencies!
14 packages have newer versions incompatible with dependency constraints.
Try `flutter pub outdated` for more information.
Analyzing flutter-app...                                        

  error - The argument type 'CardTheme' can't be assigned to the parameter type 'CardThemeData?'.  - lib\main.dart:28:20 - argument_type_not_assignable
  error - Classes can only extend other classes - lib\providers\trip_provider.dart:69:28 - extends_non_class
  error - Too many positional arguments: 0 expected, but 1 found - lib\providers\trip_provider.dart:76:15 - extra_positional_arguments
  error - Undefined name 'state' - lib\providers\trip_provider.dart:79:5 - undefined_identifier
  error - Undefined name 'state' - lib\providers\trip_provider.dart:79:13 - undefined_identifier
  error - Undefined name 'state' - lib\providers\trip_provider.dart:89:7 - undefined_identifier
  error - Undefined name 'state' - lib\providers\trip_provider.dart:89:15 - undefined_identifier
   info - Use interpolation to compose strings and values - lib\providers\trip_provider.dart:101:24 - prefer_interpolation_to_compose_strings
  error - Undefined name 'state' - lib\providers\trip_provider.dart:103:7 - undefined_identifier
  error - Undefined name 'state' - lib\providers\trip_provider.dart:103:15 - undefined_identifier
  error - Undefined name 'state' - lib\providers\trip_provider.dart:113:7 - undefined_identifier
  error - Undefined name 'state' - lib\providers\trip_provider.dart:113:15 - undefined_identifier
  error - Undefined name 'state' - lib\providers\trip_provider.dart:122:7 - undefined_identifier
  error - Undefined name 'state' - lib\providers\trip_provider.dart:122:15 - undefined_identifier
  error - Undefined name 'state' - lib\providers\trip_provider.dart:128:7 - undefined_identifier
  error - Undefined name 'state' - lib\providers\trip_provider.dart:128:15 - undefined_identifier
  error - The function 'StateNotifierProvider' isn't defined - lib\providers\trip_provider.dart:133:22 - undefined_function
warning - Unused import: 'package:latlong2/latlong.dart' - lib\screens\map_result_screen.dart:4:8 - unused_import
   info - 'withOpacity' is deprecated and shouldn't be used. Use .withValues() to avoid precision loss - lib\screens\map_result_screen.dart:89:52 - deprecated_member_use
   info - 'withOpacity' is deprecated and shouldn't be used. Use .withValues() to avoid precision loss - lib\screens\map_result_screen.dart:119:65 - deprecated_member_use
   info - 'withOpacity' is deprecated and shouldn't be used. Use .withValues() to avoid precision loss - lib\screens\map_result_screen.dart:119:103 - deprecated_member_use
   info - The variable name '_StatItem' isn't a lowerCamelCase identifier - lib\screens\map_result_screen.dart:176:10 - non_constant_identifier_names
warning - Two keys in a map literal shouldn't be equal - lib\services\ai_service.dart:26:11 - equal_keys_in_map
   info - Don't invoke 'print' in production code - lib\services\ai_service.dart:37:9 - avoid_print
   info - Don't invoke 'print' in production code - lib\services\ai_service.dart:41:7 - avoid_print
   info - Don't invoke 'print' in production code - lib\services\geocoding_service.dart:30:7 - avoid_print
   info - Don't invoke 'print' in production code - lib\services\routing_service.dart:36:7 - avoid_print
   info - Don't invoke 'print' in production code - lib\services\weather_service.dart:32:7 - avoid_print

